1 357 17294 ok 1
2 357 17312 ok 1
3 357 17316 ok 1
4 357 17317 ok 1
5 357 17313 ok 1
6 357 17320 ok 1
7 357 17322 ok 1
8 357 17324 ok 1
9 357 17321 ok 2
10 357 17325 ok 2
11 357 17332 ok 2
12 357 17346 ok 1
13 357 17344 ok 2
14 357 17347 ok 2
15 357 17351 ok 2
16 357 17349 ok 2
17 357 17360 ok 3
18 357 17364 ok 2
19 357 17369 ok 4
20 357 17372 ok 1
21 357 17371 ok 2
22 357 17250 ok 1
23 357 17387 ok 2
24 357 17386 ok 2
25 357 17388 ok 2
26 357 17396 ok 1
27 357 16973 ok 4
28 357 15810 ok 2
29 357 17406 ok 1
30 357 17409 ok 2
31 357 17385 ok 4
32 357 17415 ok 1
33 357 17365 ok 3
34 357 17382 ok 3
35 357 17419 ok 3
36 357 17425 ok 2
37 357 17427 ok 1
38 357 17432 ok 2
39 357 17426 ok 1
40 357 17412 ok 2
41 357 17397 ok 2
42 357 17378 ok 4
43 357 17338 ok 1
44 357 17436 ok 3
45 357 17445 ok 5
46 357 17450 ok 1
47 357 17448 ok 1
48 357 17449 ok 1
49 357 17429 ok 5
50 357 17460 ok 3
51 357 17461 ok 1
52 357 17443 ok 2
53 357 17373 ok 4
54 357 17439 ok 2
55 357 17476 ok 1
56 357 17478 ok 1
57 357 17479 ok 2
58 357 17421 ok 2
59 357 17481 ok 4
60 357 17451 ok 1
61 357 14715 ok 4
62 357 17501 ok 2
63 357 17504 ok 3
64 357 17262 ok 5
65 357 17506 ok 2
66 357 17523 ok 2
67 357 17526 ok 2
68 357 17531 ok 3
69 357 17539 ok 2
70 357 17540 ok 3
71 357 17519 ok 2
72 357 17528 malformed_or_failed None
73 357 17568 ok 2
74 357 17569 ok 1
75 357 17552 ok 4
76 357 17575 ok 2
77 357 17558 ok 1
78 357 17577 ok 3
79 357 17573 ok 2
80 357 17515 ok 3
81 357 17600 ok 2
82 357 17611 ok 3
83 357 17603 ok 2
84 357 17618 ok 4
85 357 17613 ok 1
86 357 17629 ok 1
87 357 17648 ok 3
88 357 17655 ok 3
89 357 17654 ok 2
90 357 17630 ok 3
91 357 17610 ok 2
92 357 4466 ok 2
93 357 17675 ok 1
94 357 17671 ok 3
95 357 17681 ok 2
96 357 17680 ok 2
97 357 17688 ok 2
98 357 17677 ok 1
99 357 17682 ok 3
100 357 17685 ok 1
101 357 17189 ok 2
102 357 17706 ok 2
103 357 17696 ok 2
104 357 17695 ok 1
105 357 17710 ok 1
106 357 17693 ok 4
107 357 17692 ok 2
108 357 17713 ok 1
109 357 17715 ok 1
110 357 17714 ok 2
111 357 17720 ok 2
112 357 17721 ok 1
113 357 17723 ok 2
114 357 17733 ok 1
115 357 17614 ok 2
116 357 17735 ok 2
117 357 17730 ok 2
118 357 17738 ok 4
119 357 17740 ok 1
120 357 17751 ok 2
121 357 17752 ok 3
122 357 17753 ok 1
123 357 17739 ok 3
124 357 17762 ok 1
125 357 17734 ok 2
126 357 17741 ok 2
127 357 17768 ok 1
128 357 17767 ok 1
129 357 17775 ok 2
130 357 17776 ok 1
131 357 17771 ok 1
132 357 17773 ok 1
133 357 17781 ok 1
134 357 17784 ok 1
135 357 17769 ok 2
136 357 17789 ok 1
137 357 17779 ok 1
138 357 17799 ok 2
139 357 17809 ok 1
140 357 17808 ok 2
141 357 17796 ok 2
142 357 17778 ok 1
143 357 17816 ok 1
144 357 17818 ok 1
145 357 17822 ok 1
146 357 17834 ok 4
147 357 17836 ok 1
148 357 17837 ok 2
149 357 17843 ok 1
150 357 17744 ok 1
151 357 17854 ok 5
152 357 17849 ok 1
153 357 17863 ok 1
154 357 17871 ok 4
155 357 17893 ok 1
156 357 17890 ok 1
157 357 17892 ok 1
158 357 17900 ok 2
159 357 17848 ok 2
160 357 17879 ok 1
161 357 17899 ok 3
162 357 17911 ok 2
163 357 17916 ok 1
164 357 17919 ok 2
165 357 17936 ok 2
166 357 17932 ok 2
167 357 17931 ok 4
168 357 17937 ok 1
169 357 17938 ok 1
170 357 17949 ok 3
171 357 17970 ok 3
172 357 17979 ok 1
173 357 17981 ok 1
174 357 17844 ok 2
175 357 17990 ok 1
176 357 17989 ok 3
177 357 18001 ok 3
178 357 17901 ok 2
179 357 18003 ok 1
180 357 18005 ok 1
181 357 17986 ok 1
182 357 18010 ok 1
183 357 18008 ok 2
184 357 18016 ok 2
185 357 18015 ok 3
186 357 18025 ok 3
187 357 18027 ok 3
188 357 18030 ok 2
189 357 18032 ok 3
190 357 18034 ok 1
191 357 18033 ok 4
192 357 18021 ok 2
193 357 18045 ok 3
194 357 18043 ok 4
195 357 18047 ok 3
196 357 18054 ok 1
197 357 18053 ok 2
198 357 18055 ok 1
199 357 18057 ok 3
200 357 18059 ok 2
201 357 18062 ok 1
202 357 18042 ok 2
203 357 18080 ok 3
204 357 18087 ok 2
205 357 18089 ok 2
206 357 18090 ok 2
207 357 18073 ok 1
208 357 18069 ok 1
209 357 18094 ok 1
210 357 18092 ok 1
211 357 18098 ok 4
212 357 18121 ok 3
213 357 18124 ok 2
214 357 18126 ok 2
215 357 18134 ok 1
216 357 18150 ok 1
217 357 18154 ok 2
218 357 18145 ok 2
219 357 18158 ok 1
220 357 18155 ok 1
221 357 18132 ok 2
222 357 18161 ok 2
223 357 18172 ok 2
224 357 18171 ok 1
225 357 18125 ok 1
226 357 18097 ok 1
227 357 18173 ok 3
228 357 18176 ok 4
229 357 18190 ok 2
230 357 18192 ok 3
231 357 18123 ok 2
232 357 18187 ok 2
233 357 18215 ok 1
234 357 18216 ok 1
235 357 18114 ok 1
236 357 18193 ok 2
237 357 18209 ok 2
238 357 18233 ok 2
239 357 18238 ok 2
240 357 18234 ok 2
241 357 18241 ok 3
242 357 18240 ok 2
243 357 18195 ok 2
244 357 18261 ok 2
245 357 18175 ok 2
246 357 18263 ok 2
247 357 18274 ok 2
248 357 18271 ok 2
249 357 18273 ok 3
250 357 18196 ok 3
251 357 18276 ok 1
252 357 18275 ok 1
253 357 18099 ok 2
254 357 18288 ok 2
255 357 18289 ok 1
256 357 18292 ok 3
257 357 18294 ok 2
258 357 18302 ok 2
259 357 18304 ok 1
260 357 18293 ok 3
261 357 18285 ok 2
262 357 18309 ok 1
263 357 18310 ok 4
264 357 18334 ok 2
265 357 18341 ok 1
266 357 18339 ok 1
267 357 18340 ok 1
268 357 18335 ok 3
269 357 18346 ok 1
270 357 18349 ok 1
271 357 18347 ok 2
272 357 18317 ok 2
273 357 18019 ok 2
274 357 18360 ok 2
275 357 18358 ok 2
276 357 18363 ok 1
277 357 18372 ok 3
278 357 18371 ok 2
279 357 18375 ok 1
280 357 18377 ok 1
281 357 18376 ok 1
282 357 18361 ok 2
283 357 18374 ok 3
284 357 18366 ok 1
285 357 18382 ok 2
286 357 18393 ok 2
287 357 18391 ok 1
288 357 18403 ok 1
289 357 18410 ok 1
290 357 18416 ok 1
291 357 18329 ok 3
292 357 18379 ok 2
293 357 18444 ok 2
294 357 18428 ok 1
295 357 18445 ok 1
296 357 18448 ok 2
297 357 18451 ok 1
298 357 18450 ok 4
299 357 18427 ok 3
300 357 18399 ok 3
301 357 18456 ok 3
302 357 18457 ok 2
303 357 18475 ok 4
304 357 18474 ok 1
305 357 18473 ok 1
306 357 18468 ok 3
307 357 18493 ok 2
308 357 18472 ok 4
309 357 18487 ok 1
310 357 18502 ok 4
311 357 18485 ok 3
312 357 18488 ok 3
313 357 18491 ok 4
314 357 18504 ok 3
315 357 18508 ok 2
316 357 18511 ok 3
317 357 18513 ok 3
318 357 18515 ok 1
319 357 18367 ok 3
320 357 18506 ok 1
321 357 18536 ok 2
322 357 18541 ok 4
323 357 18542 ok 1
324 357 18545 ok 1
325 357 18385 ok 5
326 357 18519 ok 2
327 357 18547 ok 1
328 357 18537 ok 3
329 357 18569 ok 1
330 357 18565 ok 1
331 357 18560 ok 3
332 357 18558 ok 1
333 357 18570 ok 3
334 357 18567 ok 2
335 357 18574 ok 3
336 357 18588 ok 1
337 357 18586 ok 1
338 357 18572 ok 3
339 357 18591 ok 1
340 357 18503 ok 5
341 357 18122 ok 2
342 357 18463 ok 4
343 357 18599 ok 1
344 357 18600 ok 1
345 357 18573 ok 2
346 357 18151 ok 2
347 357 17803 ok 1
348 357 18610 ok 1
349 357 18564 ok 1
350 357 18590 ok 1
351 357 18608 ok 2
352 357 18611 ok 1
353 357 18644 ok 2
354 357 18643 ok 2
355 357 18628 ok 1
356 357 18661 ok 1
357 357 18646 ok 3
